[le-mugs.com/index.html]
[backblue.gif]
[fade.gif]
[index.html]
[le-mugs.com/wp-content/themes/mugs/images/icon.png]
[le-mugs.com/wp-content/themes/mugs/images/icon_180x180.png]
[le-mugs.com/wp-content/themes/mugs/style.css]
[le-mugs.com/wp-content/themes/mugs/images/fb.jpg]
[le-mugs.com/wp-content/plugins/sitepress-multilingual-cms/res/css/language-selector9455.css]
[le-mugs.com/wp-content/themes/mugs/js/responsiveslides/responsiveslides4698.css]
[le-mugs.com/wp-content/themes/mugs/js/prefixfree.min4698.js]
[le-mugs.com/wp-content/themes/mugs/js/modernizr.custom4698.js]
[le-mugs.com/wp-includes/js/jquery/jquery-migrate.min330a.js]
[le-mugs.com/wp-content/themes/mugs/js/responsiveslides/responsiveslides4698.js]
[le-mugs.com/wp-content/themes/mugs/js/parallax/jquery.parallax4698.js]
[le-mugs.com/wp-content/themes/mugs/js/scrollmagic/plugins/debug.addIndicators4698.js]
[le-mugs.com/wp-includes/js/jquery/jqueryb8ff.js]
[le-mugs.com/wp-content/themes/mugs/js/scrollmagic/ScrollMagic4698.js]
[cdnjs.cloudflare.com/ajax/libs/gsap/1.17.0/plugins/ScrollToPlugin.min4698.js]
[cdnjs.cloudflare.com/ajax/libs/gsap/1.17.0/plugins/CSSPlugin.min4698.js]
[le-mugs.com/wp-content/themes/mugs/js/scrollmagic/plugins/animation.gsap4698.js]
[le-mugs.com/wp-content/themes/mugs/js/jquery.mousewheel4698.js]
[le-mugs.com/wp-content/themes/mugs/js/lethargy4698.js]
[cdnjs.cloudflare.com/ajax/libs/gsap/1.17.0/TweenMax.min4698.js]
[le-mugs.com/wp-content/themes/mugs/js/pace.min4698.js]
[le-mugs.com/wp-content/themes/mugs/js/main.min5152.js]
[le-mugs.com/wp-content/plugins/google-analyticator/external-tracking.mine6df.js]
[le-mugs.com/xmlrpc0db0.php]
[le-mugs.com/wp-json/index.html]
[le-mugs.com/wp-includes/wlwmanifest.xml]
[www.google-analytics.com/analytics.js]
[connect.facebook.net/en_US/sdk.js]
[le-mugs.com/wp-content/themes/mugs/ajax-menu5445.json]
[le-mugs.com/wp-content/themes/mugs/images/quote.svg]
[le-mugs.com/wp-content/themes/mugs/images/point.svg]
[le-mugs.com/wp-content/themes/mugs/images/FDDG-fr.svg]
[le-mugs.com/wp-content/themes/mugs/images/fb.svg]
[le-mugs.com/wp-content/themes/mugs/images/arrow.png]
[le-mugs.com/wp-content/themes/mugs/images/1a.png]
[le-mugs.com/en/index.html]
[le-mugs.com/wp-content/themes/mugs/images/1b.png]
[le-mugs.com/wp-content/themes/mugs/images/1c.png]
[le-mugs.com/wp-content/themes/mugs/images/1d.png]
[le-mugs.com/wp-content/themes/mugs/images/3a.png]
[le-mugs.com/wp-content/themes/mugs/images/3b.png]
[le-mugs.com/wp-content/themes/mugs/images/3d.png]
[le-mugs.com/wp-content/themes/mugs/images/2a.png]
[le-mugs.com/wp-content/themes/mugs/images/2b.png]
[le-mugs.com/wp-content/themes/mugs/images/2c.png]
[le-mugs.com/wp-content/themes/mugs/images/2d.png]
[le-mugs.com/wp-content/themes/mugs/images/cerf.jpg]
[le-mugs.com/wp-content/uploads/2015/07/section4_1stplan.jpg]
[le-mugs.com/wp-content/themes/mugs/images/parassol-rouge.png]
[le-mugs.com/wp-content/themes/mugs/images/parassol-ombre.png]
[le-mugs.com/wp-content/themes/mugs/images/parassol-vert.png]
[le-mugs.com/wp-content/themes/mugs/images/parassol-creme.png]
[le-mugs.com/wp-content/uploads/2015/07/DSC_0220-Modifier-1920x696.jpg]
[le-mugs.com/wp-content/themes/mugs/images/basilic.png]
[le-mugs.com/wp-content/themes/mugs/images/huile.png]
[le-mugs.com/wp-content/themes/mugs/images/salade-lentilles.png]
[le-mugs.com/wp-content/themes/mugs/images/tomates-cerise.png]
[le-mugs.com/wp-content/themes/mugs/images/planche-charcuteries.png]
[le-mugs.com/wp-content/themes/mugs/images/moutarde.png]
[le-mugs.com/wp-content/themes/mugs/images/burger-boeuf-seul.png]
[le-mugs.com/wp-content/themes/mugs/images/panier-frites.png]
[le-mugs.com/wp-content/themes/mugs/images/sauce-soja.png]
[le-mugs.com/wp-content/themes/mugs/images/wasabi.png]
[le-mugs.com/wp-content/themes/mugs/images/copeaux-chocolat.png]
[le-mugs.com/wp-content/themes/mugs/images/gourmandise-1.png]
[le-mugs.com/wp-content/themes/mugs/images/gourmandise-2.png]
[le-mugs.com/wp-content/themes/mugs/images/gourmandise-3.png]
[le-mugs.com/wp-content/themes/mugs/images/agrumes-2.png]
[le-mugs.com/wp-content/themes/mugs/images/cocktail.png]
[le-mugs.com/wp-content/themes/mugs/images/cuillere.png]
[le-mugs.com/wp-content/themes/mugs/images/muffin-4.png]
[le-mugs.com/wp-content/themes/mugs/images/mug-3.png]
[le-mugs.com/wp-content/uploads/2015/08/slide-5.jpg]
[le-mugs.com/wp-content/uploads/2015/08/Slide-1.jpg]
[le-mugs.com/wp-content/uploads/2015/08/Slide-10.jpg]
[le-mugs.com/wp-content/uploads/2015/08/Slide-2-1920x1278.jpg]
[le-mugs.com/wp-content/uploads/2015/08/Slide-3.jpg]
[le-mugs.com/wp-content/uploads/2015/08/Slide-4.jpg]
[le-mugs.com/wp-content/uploads/2015/08/Slide-6.jpg]
[le-mugs.com/wp-content/uploads/2015/08/Slide-7.jpg]
[le-mugs.com/wp-content/uploads/2015/08/Slide-8.jpg]
[le-mugs.com/wp-content/uploads/2015/08/Slide-9.jpg]
[le-mugs.com/wp-content/themes/mugs/images/equipe1.jpg]
[le-mugs.com/wp-content/themes/mugs/images/equipe2.jpg]
[le-mugs.com/wp-content/themes/mugs/images/equipe3.jpg]
[le-mugs.com/wp-content/themes/mugs/images/spot-lumiere.png]
[le-mugs.com/wp-content/themes/mugs/images/Fenouil.png]
[le-mugs.com/wp-content/themes/mugs/images/Legume-1.png]
[le-mugs.com/wp-content/themes/mugs/images/Legume-2.png]
[le-mugs.com/wp-content/themes/mugs/images/oignon.png]
[le-mugs.com/wp-content/themes/mugs/images/Salade.png]
[le-mugs.com/wp-content/themes/mugs/images/Celeri.png]
[le-mugs.com/wp-content/themes/mugs/images/tomates.png]
[le-mugs.com/wp-content/themes/mugs/images/arrow-left.svg]
[le-mugs.com/wp-content/themes/mugs/images/arrow-right.svg]
[le-mugs.com/wp-content/themes/mugs/images/croix3.svg]
[le-mugs.com/wp-content/themes/mugs/images/arrow-up.svg]
[le-mugs.com/wp-content/themes/mugs/images/thankyou.svg]
[le-mugs.com/wp-content/themes/mugs/images/logoplay.svg]
[le-mugs.com/index.html]
[le-mugs.com/wp-content/themes/mugs/font/bernardomoda-webfont.eot]
[le-mugs.com/wp-content/themes/mugs/font/bernardomoda-webfont.woff]
[le-mugs.com/wp-content/themes/mugs/font/bernardomoda-webfont.ttf]
[le-mugs.com/wp-content/themes/mugs/font/bernardomodasemibold-webfont.eot]
[le-mugs.com/wp-content/themes/mugs/font/bernardomodasemibold-webfont.woff]
[le-mugs.com/wp-content/themes/mugs/font/bernardomodasemibold-webfont.ttf]
[le-mugs.com/wp-content/themes/mugs/font/bernardomodasemibold-webfont.svg]
[le-mugs.com/wp-content/themes/mugs/font/roboto-thin-webfont.eot]
[le-mugs.com/wp-content/themes/mugs/font/roboto-thin-webfontd41d.eot]
[le-mugs.com/wp-content/themes/mugs/font/roboto-thin-webfont.ttf]
[le-mugs.com/wp-content/themes/mugs/font/roboto-thin-webfont.svg]
[le-mugs.com/wp-content/themes/mugs/font/roboto-light-webfont.eot]
[le-mugs.com/wp-content/themes/mugs/font/roboto-light-webfontd41d.eot]
[le-mugs.com/wp-content/themes/mugs/font/roboto-light-webfont.ttf]
[le-mugs.com/wp-content/themes/mugs/font/roboto-light-webfont.svg]
[le-mugs.com/wp-content/themes/mugs/images/nav-arrow-down.png]
[le-mugs.com/wp-content/themes/mugs/images/home_bg_far.jpg]
[le-mugs.com/wp-content/themes/mugs/images/home_bg_middle.png]
[le-mugs.com/wp-content/themes/mugs/images/pattern-section6.jpg]
[le-mugs.com/wp-content/themes/mugs/images/section11-3.jpg]
[le-mugs.com/wp-content/themes/mugs/images/section11-1.png]
[le-mugs.com/wp-content/themes/mugs/images/pattern-bg.png]
[le-mugs.com/wp-content/themes/mugs/style.css]
[le-mugs.com/wp-content/plugins/sitepress-multilingual-cms/res/img/nav-arrow-down.png]
[le-mugs.com/wp-content/plugins/sitepress-multilingual-cms/res/css/language-selector9455.css]
[le-mugs.com/wp-content/themes/mugs/js/responsiveslides/responsiveslides4698.css]
[connect.facebook.net/en_US/sdk.js]
[le-mugs.com/wp-content/themes/mugs/images/quote.svg]
[le-mugs.com/wp-content/themes/mugs/images/point.svg]
[le-mugs.com/wp-content/themes/mugs/images/FDDG-fr.svg]
[le-mugs.com/wp-content/themes/mugs/images/fb.svg]
[le-mugs.com/wp-content/themes/mugs/images/FDDG-en.svg]
[le-mugs.com/en/index.html]
[le-mugs.com/en/wp-json/index.html]
[le-mugs.com/wp-content/themes/mugs/images/3c.png]
[le-mugs.com/wp-content/themes/mugs/images/lampe-section3.png]
[le-mugs.com/wp-content/themes/mugs/images/verre.png]
[le-mugs.com/wp-content/themes/mugs/images/menu.png]
[le-mugs.com/wp-content/themes/mugs/images/sushis.png]
[le-mugs.com/wp-content/themes/mugs/images/oeuf.png]
[le-mugs.com/wp-content/themes/mugs/images/courge.png]
[le-mugs.com/wp-content/themes/mugs/images/arrow-left.svg]
[le-mugs.com/wp-content/themes/mugs/images/arrow-right.svg]
[le-mugs.com/wp-content/themes/mugs/images/croix3.svg]
[le-mugs.com/wp-content/themes/mugs/images/arrow-up.svg]
[le-mugs.com/wp-content/themes/mugs/images/thankyou.svg]
[le-mugs.com/wp-content/themes/mugs/images/logoplay.svg]
[le-mugs.com/wp-content/themes/mugs/font/bernardomoda-webfontd41d.eot]
[le-mugs.com/wp-content/themes/mugs/font/bernardomoda-webfont.html]
[le-mugs.com/wp-content/themes/mugs/font/bernardomodasemibold-webfontd41d.eot]
[le-mugs.com/wp-content/themes/mugs/font/bernardomodasemibold-webfont.svg]
[le-mugs.com/wp-content/themes/mugs/font/roboto-thin-webfont.html]
[le-mugs.com/wp-content/themes/mugs/font/roboto-thin-webfont.woff]
[le-mugs.com/wp-content/themes/mugs/font/roboto-thin-webfont.svg]
[le-mugs.com/wp-content/themes/mugs/font/roboto-light-webfont.html]
[le-mugs.com/wp-content/themes/mugs/font/roboto-light-webfont.woff]
[le-mugs.com/wp-content/themes/mugs/font/roboto-light-webfont.svg]
[le-mugs.com/ABCDEFGHIJKLMNOPQRSTUVWXYZabcdefghijklmnopqrstuvwxyz0123456789+/index.html]
[le-mugs.com/restserver.html]
[le-mugs.com/dialog/index.html]
[le-mugs.com/%s/profile4d6d.html]
[le-mugs.com/wp-content/themes/mugs/images/FDDG-en.svg]
[le-mugs.com/wp-content/themes/mugs/images/home_bg_light.png]
[le-mugs.com/wp-content/themes/mugs/images/section11-2.png]
[le-mugs.com/wp-content/themes/mugs/images/pattern-cacao.png]
[le-mugs.com/wp-content/themes/mugs/images/slidehandmade.jpg]
[le-mugs.com/wp-content/themes/mugs/font/bernardomoda-webfont.svg]
[le-mugs.com/wp-content/themes/mugs/font/bernardomoda-webfont.svg]
[le-mugs.com/wp-content/themes/mugs/font/bernardomodasemibold-webfont.woff2]
